2020-05-08  19:03:42 Fri  root DEBUG D:/python/loging_test.py msg1 
2020-05-08  19:03:42 Fri  root INFO D:/python/loging_test.py msg2 
2020-05-08  19:03:42 Fri  root WARNING D:/python/loging_test.py msg3 
2020-05-08  19:03:42 Fri  root ERROR D:/python/loging_test.py msg4 
2020-05-08  19:03:42 Fri  root CRITICAL D:/python/loging_test.py msg5 
2020-05-08  19:04:51 Fri  root DEBUG D:/python/loging_test.py msg1 
2020-05-08  19:04:51 Fri  root INFO D:/python/loging_test.py msg2 
2020-05-08  19:04:51 Fri  root WARNING D:/python/loging_test.py msg3 
2020-05-08  19:04:51 Fri  root ERROR D:/python/loging_test.py msg4 
2020-05-08  19:04:51 Fri  root CRITICAL D:/python/loging_test.py msg5 
2020-05-08  19:05:10 Fri  root DEBUG D:/python/loging_test.py None 
2020-05-08  19:05:10 Fri  root DEBUG D:/python/loging_test.py msg1 
2020-05-08  19:05:10 Fri  root INFO D:/python/loging_test.py msg2 
2020-05-08  19:05:10 Fri  root WARNING D:/python/loging_test.py msg3 
2020-05-08  19:05:10 Fri  root ERROR D:/python/loging_test.py msg4 
2020-05-08  19:05:10 Fri  root CRITICAL D:/python/loging_test.py msg5 
2020-05-08  19:05:24 Fri  root DEBUG D:/python/loging_test.py None 
2020-05-08  19:05:24 Fri  root DEBUG D:/python/loging_test.py msg1 
2020-05-08  19:05:24 Fri  root INFO D:/python/loging_test.py msg2 
2020-05-08  19:05:24 Fri  root WARNING D:/python/loging_test.py msg3 
2020-05-08  19:05:24 Fri  root ERROR D:/python/loging_test.py msg4 
2020-05-08  19:05:24 Fri  root CRITICAL D:/python/loging_test.py msg5 
2020-05-08  19:06:10 Fri  root DEBUG D:/python/loging_test.py None 
2020-05-08  19:06:10 Fri  root DEBUG D:/python/loging_test.py msg1 
2020-05-08  19:06:10 Fri  root INFO D:/python/loging_test.py msg2 
2020-05-08  19:06:10 Fri  root WARNING D:/python/loging_test.py msg3 
2020-05-08  19:06:10 Fri  root ERROR D:/python/loging_test.py msg4 
2020-05-08  19:06:10 Fri  root CRITICAL D:/python/loging_test.py msg5 
